<div class="todos">
    {{ range .Todos }}
    <!--
        TodoComponent is an autogenerated template function that works
        somehow. Maybe it creates a new components.Todo and calls Todo.Render?
    -->
    {{ .TodoComponent . }}
    {{ end }}
</div>
