<main>
    <components:Nav MyProp="Red"/>
    <div>Brian Was Here</div>
</main>
