<body>
    <div style="float: right;">
        <textarea style="font-family: monospace;" cols="70" rows="14" oninput="texthandler">vecty-data:Input</textarea>
    </div>
</body>
