<nav>
    <ul>
        <li>This a component property: {vecty-field:MyProp}</li>
        <li>This is another item</li>
    </ul>
</nav>
