<!-- maybe factor can somehow "bind" the models.Todo to this html? -->
<div>
    <h1>{vecty-field:Name}</h1>
    <small>{vecty-field:Description}</small>
    <div>(<a href="{vecty-field:Permalink}">Permalink</a>)</div>
    <div>You are {vecty-call:GetAge} years old</div>
    <div>gary{vecty-call:GetSomething}susan{vecty-call:GetSomething}bob</div>
</div>
