<!doctype html>
<html>
<head>
	<meta charset='utf-8'>
	<meta name='viewport' content='width=device-width'>
	<meta name='theme-color' content='#aa1e1e'>

	%factor.base%

	<link rel='stylesheet' href='global.css'>
	<link rel='manifest' href='manifest.json'>
	<link rel='icon' type='image/png' href='favicon.png'>

	<!-- Factor generates a <style> tag containing critical CSS
	     for the current page. CSS for the rest of the app is
	     lazily loaded when it precaches secondary pages -->
	%factor.styles%

	<!-- This contains the contents of the <factor:head> component, if
	     the current page has one -->
	%factor.head%
</head>
<body>
	<!-- The application will be rendered inside this element,
	     because `app/client.js` references it -->
	<div id='factor'>%factor.html%</div>

	<!-- Factor creates a <script> tag containing `app/client.js`
	     and anything else it needs to hydrate the app and
	     initialize the router -->
	%factor.scripts%
</body>
</html>